{
    "id": @integer@,
    "slug": "site-reliability-engineering-manager",
    "title": "Site Reliability Engineering Manager",
    "description": "You will support engineers developing services and infrastructure.",
    "company": {
        "id": @integer@,
        "name": "Dunder Mifflin",
        "logo": "https:\/\/imageurl.com\/image.png",
        "address": "Wall st, 11",
        "email": "contact@dm.com",
        "phoneNumber": "9999-0000"
    },
    "seniorityLevel": "Senior",
    "minimumSalary": 4000,
    "maximumSalary": 4500,
    "publishedAt": "2019-01-01T00:00:00+0000",
    "status": "APPROVED",
    "hiringType": "CLT",
    "allowRemote": true
}
