[
    {
        "id": @integer@,
        "slug": "experienced-application-developer",
        "title": "Experienced Application Developer",
        "company": {
            "id": @integer@,
            "name": "Dunder Mifflin",
            "logo": "https:\/\/imageurl.com\/image.png"
        },
        "seniorityLevel": "Senior",
        "minimumSalary": 2750,
        "maximumSalary": 3000,
        "status": "APPROVED",
        "publishedAt": "2019-01-01T00:00:00+0000",
        "hiringType": "CLT"
    }
]
